src/app/doctors/page.tsx(30,36): error TS18047: 'insforge' is possibly 'null'.
src/app/patient/components/AppointmentsView.tsx(42,43): error TS18047: 'insforge' is possibly 'null'.
src/app/patient/components/AppointmentsView.tsx(51,50): error TS18047: 'insforge' is possibly 'null'.
src/app/patient/components/AppointmentsView.tsx(78,19): error TS18047: 'insforge' is possibly 'null'.
src/components/AccessManager.tsx(52,36): error TS18047: 'insforge' is possibly 'null'.
src/components/AccessManager.tsx(78,36): error TS18047: 'insforge' is possibly 'null'.
src/components/AccessManager.tsx(117,23): error TS18047: 'insforge' is possibly 'null'.
src/components/AccessManager.tsx(152,19): error TS18047: 'insforge' is possibly 'null'.
src/components/DigitalTwin.tsx(365,47): error TS18047: 'insforge' is possibly 'null'.
src/components/DigitalTwin.tsx(393,29): error TS18047: 'insforge' is possibly 'null'.
src/components/DigitalTwin.tsx(396,42): error TS7031: Binding element 'error' implicitly has an 'any' type.
src/components/HealthTimeline.tsx(34,36): error TS18047: 'insforge' is possibly 'null'.
src/components/RiskProgressChart.tsx(29,46): error TS18047: 'insforge' is possibly 'null'.
